41,97
1762
150
2000
.................................................................................................
.er.er.eeeeeeeeeeeeeeeeeeee.eeeeeeeeeeeeeeeeeeee.eeeeeeeeeeeeeeeeeeee.eeeeeeeeeeeeeeeeeeee.rr.ee.
.re.er.@@@@@@@@@@@@@@@@@@@@.@@@@@@@@@@@@@@@@@@@@.@@@@@@@@@@@@@@@@@@@@.@@@@@@@@@@@@@@@@@@@@.ee.rr.
.er.re.eeeeeeeeeeeeeeeeeeee.eeeeeeeeeeeeeeeeeeee.eeeeeeeeeeeeeeeeeeee.eeeeeeeeeeeeeeeeeeee.er.re.
.ee.er.....................................................................................rr.re.
.rr.re.eeeeeeeeeeeeeeeeeeee.eeeeeeeeeeeeeeeeeeee.eeeeeeeeeeeeeeeeeeee.eeeeeeeeeeeeeeeeeeee.re.re.
.rr.re.@@@@@@@@@@@@@@@@@@@@.@@@@@@@@@@@@@@@@@@@@.@@@@@@@@@@@@@@@@@@@@.@@@@@@@@@@@@@@@@@@@@.re.re.
.rr.rr.eeeeeeeeeeeeeeeeeeee.eeeeeeeeeeeeeeeeeeee.eeeeeeeeeeeeeeeeeeee.eeeeeeeeeeeeeeeeeeee.re.er.
.re.rr.....................................................................................re.re.
.ee.rr.eeeeeeeeeeeeeeeeeeee.eeeeeeeeeeeeeeeeeeee.eeeeeeeeeeeeeeeeeeee.eeeeeeeeeeeeeeeeeeee.re.er.
.re.re.@@@@@@@@@@@@@@@@@@@@.@@@@@@@@@@@@@@@@@@@@.@@@@@@@@@@@@@@@@@@@@.@@@@@@@@@@@@@@@@@@@@.ee.ee.
.rr.ee.eeeeeeeeeeeeeeeeeeee.eeeeeeeeeeeeeeeeeeee.eeeeeeeeeeeeeeeeeeee.eeeeeeeeeeeeeeeeeeee.re.ee.
.re.er.....................................................................................re.re.
.ee.rr.eeeeeeeeeeeeeeeeeeee.eeeeeeeeeeeeeeeeeeee.eeeeeeeeeeeeeeeeeeee.eeeeeeeeeeeeeeeeeeee.er.rr.
.er.ee.@@@@@@@@@@@@@@@@@@@@.@@@@@@@@@@@@@@@@@@@@.@@@@@@@@@@@@@@@@@@@@.@@@@@@@@@@@@@@@@@@@@.er.ee.
.ee.rr.eeeeeeeeeeeeeeeeeeee.eeeeeeeeeeeeeeeeeeee.eeeeeeeeeeeeeeeeeeee.eeeeeeeeeeeeeeeeeeee.ee.ee.
.er.re.....................................................................................rr.ee.
.ee.re.eeeeeeeeeeeeeeeeeeee.eeeeeeeeeeeeeeeeeeee.eeeeeeeeeeeeeeeeeeee.eeeeeeeeeeeeeeeeeeee.er.re.
.rr.rr.@@@@@@@@@@@@@@@@@@@@.@@@@@@@@@@@@@@@@@@@@.@@@@@@@@@@@@@@@@@@@@.@@@@@@@@@@@@@@@@@@@@.rr.ee.
.ee.re.eeeeeeeeeeeeeeeeeeee.eeeeeeeeeeeeeeeeeeee.eeeeeeeeeeeeeeeeeeee.eeeeeeeeeeeeeeeeeeee.er.ee.
.rr.rr.....................................................................................ee.ee.
.ee.rr.eeeeeeeeeeeeeeeeeeee.eeeeeeeeeeeeeeeeeeee.eeeeeeeeeeeeeeeeeeee.eeeeeeeeeeeeeeeeeeee.er.ee.
.re.re.@@@@@@@@@@@@@@@@@@@@.@@@@@@@@@@@@@@@@@@@@.@@@@@@@@@@@@@@@@@@@@.@@@@@@@@@@@@@@@@@@@@.rr.ee.
.ee.re.eeeeeeeeeeeeeeeeeeee.eeeeeeeeeeeeeeeeeeee.eeeeeeeeeeeeeeeeeeee.eeeeeeeeeeeeeeeeeeee.ee.ee.
.ee.rr.....................................................................................er.er.
.rr.rr.eeeeeeeeeeeeeeeeeeee.eeeeeeeeeeeeeeeeeeee.eeeeeeeeeeeeeeeeeeee.eeeeeeeeeeeeeeeeeeee.ee.er.
.er.ee.@@@@@@@@@@@@@@@@@@@@.@@@@@@@@@@@@@@@@@@@@.@@@@@@@@@@@@@@@@@@@@.@@@@@@@@@@@@@@@@@@@@.ee.er.
.re.re.eeeeeeeeeeeeeeeeeeee.eeeeeeeeeeeeeeeeeeee.eeeeeeeeeeeeeeeeeeee.eeeeeeeeeeeeeeeeeeee.ee.ee.
.er.re.....................................................................................er.rr.
.rr.ee.eeeeeeeeeeeeeeeeeeee.eeeeeeeeeeeeeeeeeeee.eeeeeeeeeeeeeeeeeeee.eeeeeeeeeeeeeeeeeeee.re.er.
.er.ee.@@@@@@@@@@@@@@@@@@@@.@@@@@@@@@@@@@@@@@@@@.@@@@@@@@@@@@@@@@@@@@.@@@@@@@@@@@@@@@@@@@@.re.re.
.er.ee.eeeeeeeeeeeeeeeeeeee.eeeeeeeeeeeeeeeeeeee.eeeeeeeeeeeeeeeeeeee.eeeeeeeeeeeeeeeeeeee.rr.re.
.ee.re.....................................................................................re.rr.
.rr.rr.eeeeeeeeeeeeeeeeeeee.eeeeeeeeeeeeeeeeeeee.eeeeeeeeeeeeeeeeeeee.eeeeeeeeeeeeeeeeeeee.ee.ee.
.ee.rr.@@@@@@@@@@@@@@@@@@@@.@@@@@@@@@@@@@@@@@@@@.@@@@@@@@@@@@@@@@@@@@.@@@@@@@@@@@@@@@@@@@@.ee.rr.
.ee.ee.eeeeeeeeeeeeeeeeeeee.eeeeeeeeeeeeeeeeeeee.eeeeeeeeeeeeeeeeeeee.eeeeeeeeeeeeeeeeeeee.rr.re.
.re.er.....................................................................................rr.re.
.re.ee.eeeeeeeeeeeeeeeeeeee.eeeeeeeeeeeeeeeeeeee.eeeeeeeeeeeeeeeeeeee.eeeeeeeeeeeeeeeeeeee.rr.rr.
.ee.rr.@@@@@@@@@@@@@@@@@@@@.@@@@@@@@@@@@@@@@@@@@.@@@@@@@@@@@@@@@@@@@@.@@@@@@@@@@@@@@@@@@@@.ee.er.
.rr.er.eeeeeeeeeeeeeeeeeeee.eeeeeeeeeeeeeeeeeeee.eeeeeeeeeeeeeeeeeeee.eeeeeeeeeeeeeeeeeeee.rr.rr.
.................................................................................................
