41,97
1762
150
5000
.................................................................................................
.ee.rr.eeeeeeeeeeeeeeeeeeee.eeeeeeeeeeeeeeeeeeee.eeeeeeeeeeeeeeeeeeee.eeeeeeeeeeeeeeeeeeee.ee.er.
.rr.ee.@@@@@@@@@@@@@@@@@@@@.@@@@@@@@@@@@@@@@@@@@.@@@@@@@@@@@@@@@@@@@@.@@@@@@@@@@@@@@@@@@@@.er.ee.
.ee.ee.eeeeeeeeeeeeeeeeeeee.eeeeeeeeeeeeeeeeeeee.eeeeeeeeeeeeeeeeeeee.eeeeeeeeeeeeeeeeeeee.re.er.
.re.er.....................................................................................re.er.
.er.er.eeeeeeeeeeeeeeeeeeee.eeeeeeeeeeeeeeeeeeee.eeeeeeeeeeeeeeeeeeee.eeeeeeeeeeeeeeeeeeee.rr.ee.
.ee.ee.@@@@@@@@@@@@@@@@@@@@.@@@@@@@@@@@@@@@@@@@@.@@@@@@@@@@@@@@@@@@@@.@@@@@@@@@@@@@@@@@@@@.er.er.
.er.ee.eeeeeeeeeeeeeeeeeeee.eeeeeeeeeeeeeeeeeeee.eeeeeeeeeeeeeeeeeeee.eeeeeeeeeeeeeeeeeeee.rr.re.
.ee.ee.....................................................................................re.rr.
.re.er.eeeeeeeeeeeeeeeeeeee.eeeeeeeeeeeeeeeeeeee.eeeeeeeeeeeeeeeeeeee.eeeeeeeeeeeeeeeeeeee.ee.rr.
.ee.re.@@@@@@@@@@@@@@@@@@@@.@@@@@@@@@@@@@@@@@@@@.@@@@@@@@@@@@@@@@@@@@.@@@@@@@@@@@@@@@@@@@@.ee.rr.
.er.er.eeeeeeeeeeeeeeeeeeee.eeeeeeeeeeeeeeeeeeee.eeeeeeeeeeeeeeeeeeee.eeeeeeeeeeeeeeeeeeee.re.er.
.rr.er.....................................................................................ee.re.
.re.re.eeeeeeeeeeeeeeeeeeee.eeeeeeeeeeeeeeeeeeee.eeeeeeeeeeeeeeeeeeee.eeeeeeeeeeeeeeeeeeee.ee.ee.
.rr.er.@@@@@@@@@@@@@@@@@@@@.@@@@@@@@@@@@@@@@@@@@.@@@@@@@@@@@@@@@@@@@@.@@@@@@@@@@@@@@@@@@@@.rr.er.
.ee.rr.eeeeeeeeeeeeeeeeeeee.eeeeeeeeeeeeeeeeeeee.eeeeeeeeeeeeeeeeeeee.eeeeeeeeeeeeeeeeeeee.re.rr.
.er.re.....................................................................................ee.rr.
.re.ee.eeeeeeeeeeeeeeeeeeee.eeeeeeeeeeeeeeeeeeee.eeeeeeeeeeeeeeeeeeee.eeeeeeeeeeeeeeeeeeee.re.re.
.rr.rr.@@@@@@@@@@@@@@@@@@@@.@@@@@@@@@@@@@@@@@@@@.@@@@@@@@@@@@@@@@@@@@.@@@@@@@@@@@@@@@@@@@@.ee.rr.
.ee.rr.eeeeeeeeeeeeeeeeeeee.eeeeeeeeeeeeeeeeeeee.eeeeeeeeeeeeeeeeeeee.eeeeeeeeeeeeeeeeeeee.rr.er.
.re.er.....................................................................................re.rr.
.ee.re.eeeeeeeeeeeeeeeeeeee.eeeeeeeeeeeeeeeeeeee.eeeeeeeeeeeeeeeeeeee.eeeeeeeeeeeeeeeeeeee.ee.rr.
.rr.er.@@@@@@@@@@@@@@@@@@@@.@@@@@@@@@@@@@@@@@@@@.@@@@@@@@@@@@@@@@@@@@.@@@@@@@@@@@@@@@@@@@@.rr.er.
.er.rr.eeeeeeeeeeeeeeeeeeee.eeeeeeeeeeeeeeeeeeee.eeeeeeeeeeeeeeeeeeee.eeeeeeeeeeeeeeeeeeee.rr.re.
.rr.re.....................................................................................ee.re.
.er.ee.eeeeeeeeeeeeeeeeeeee.eeeeeeeeeeeeeeeeeeee.eeeeeeeeeeeeeeeeeeee.eeeeeeeeeeeeeeeeeeee.er.ee.
.ee.re.@@@@@@@@@@@@@@@@@@@@.@@@@@@@@@@@@@@@@@@@@.@@@@@@@@@@@@@@@@@@@@.@@@@@@@@@@@@@@@@@@@@.re.ee.
.re.rr.eeeeeeeeeeeeeeeeeeee.eeeeeeeeeeeeeeeeeeee.eeeeeeeeeeeeeeeeeeee.eeeeeeeeeeeeeeeeeeee.er.ee.
.rr.ee.....................................................................................ee.ee.
.er.re.eeeeeeeeeeeeeeeeeeee.eeeeeeeeeeeeeeeeeeee.eeeeeeeeeeeeeeeeeeee.eeeeeeeeeeeeeeeeeeee.er.ee.
.rr.re.@@@@@@@@@@@@@@@@@@@@.@@@@@@@@@@@@@@@@@@@@.@@@@@@@@@@@@@@@@@@@@.@@@@@@@@@@@@@@@@@@@@.re.er.
.rr.er.eeeeeeeeeeeeeeeeeeee.eeeeeeeeeeeeeeeeeeee.eeeeeeeeeeeeeeeeeeee.eeeeeeeeeeeeeeeeeeee.rr.re.
.ee.re.....................................................................................er.re.
.rr.ee.eeeeeeeeeeeeeeeeeeee.eeeeeeeeeeeeeeeeeeee.eeeeeeeeeeeeeeeeeeee.eeeeeeeeeeeeeeeeeeee.ee.rr.
.er.rr.@@@@@@@@@@@@@@@@@@@@.@@@@@@@@@@@@@@@@@@@@.@@@@@@@@@@@@@@@@@@@@.@@@@@@@@@@@@@@@@@@@@.re.ee.
.rr.re.eeeeeeeeeeeeeeeeeeee.eeeeeeeeeeeeeeeeeeee.eeeeeeeeeeeeeeeeeeee.eeeeeeeeeeeeeeeeeeee.ee.re.
.er.rr.....................................................................................er.er.
.re.er.eeeeeeeeeeeeeeeeeeee.eeeeeeeeeeeeeeeeeeee.eeeeeeeeeeeeeeeeeeee.eeeeeeeeeeeeeeeeeeee.re.er.
.ee.re.@@@@@@@@@@@@@@@@@@@@.@@@@@@@@@@@@@@@@@@@@.@@@@@@@@@@@@@@@@@@@@.@@@@@@@@@@@@@@@@@@@@.ee.re.
.ee.re.eeeeeeeeeeeeeeeeeeee.eeeeeeeeeeeeeeeeeeee.eeeeeeeeeeeeeeeeeeee.eeeeeeeeeeeeeeeeeeee.rr.rr.
.................................................................................................
