21,57
502
50
5000
.........................................................
.rr.re.eeeeeeeeee.eeeeeeeeee.eeeeeeeeee.eeeeeeeeee.er.re.
.ee.ee.@@@@@@@@@@.@@@@@@@@@@.@@@@@@@@@@.@@@@@@@@@@.re.ee.
.er.er.eeeeeeeeee.eeeeeeeeee.eeeeeeeeee.eeeeeeeeee.ee.rr.
.ee.ee.............................................er.rr.
.re.ee.eeeeeeeeee.eeeeeeeeee.eeeeeeeeee.eeeeeeeeee.er.ee.
.ee.er.@@@@@@@@@@.@@@@@@@@@@.@@@@@@@@@@.@@@@@@@@@@.er.ee.
.re.er.eeeeeeeeee.eeeeeeeeee.eeeeeeeeee.eeeeeeeeee.er.ee.
.ee.er.............................................ee.re.
.ee.re.eeeeeeeeee.eeeeeeeeee.eeeeeeeeee.eeeeeeeeee.er.rr.
.er.re.@@@@@@@@@@.@@@@@@@@@@.@@@@@@@@@@.@@@@@@@@@@.ee.ee.
.ee.re.eeeeeeeeee.eeeeeeeeee.eeeeeeeeee.eeeeeeeeee.ee.ee.
.ee.er.............................................er.rr.
.re.er.eeeeeeeeee.eeeeeeeeee.eeeeeeeeee.eeeeeeeeee.ee.er.
.ee.re.@@@@@@@@@@.@@@@@@@@@@.@@@@@@@@@@.@@@@@@@@@@.ee.ee.
.er.ee.eeeeeeeeee.eeeeeeeeee.eeeeeeeeee.eeeeeeeeee.re.rr.
.er.ee.............................................ee.rr.
.er.rr.eeeeeeeeee.eeeeeeeeee.eeeeeeeeee.eeeeeeeeee.ee.ee.
.ee.ee.@@@@@@@@@@.@@@@@@@@@@.@@@@@@@@@@.@@@@@@@@@@.re.ee.
.ee.er.eeeeeeeeee.eeeeeeeeee.eeeeeeeeee.eeeeeeeeee.ee.er.
.........................................................
