81,101
3332
400
5000
.....................................................................................................
.ee..r.eeeeeeeeee.eeeeeeeeee.eeeeeeeeee.eeeeeeeeee.eeeeeeeeee.eeeeeeeeee.eeeeeeeeee.eeeeeeeeee..e.er.
.re..e.@@@@@@@@@@.@@@@@@@@@@.@@@@@@@@@@.@@@@@@@@@@.@@@@@@@@@@.@@@@@@@@@@.@@@@@@@@@@.@@@@@@@@@@.re..r.
.e..r..eeeeeeeeee.eeeeeeeeee.eeeeeeeeee.eeeeeeeeee.eeeeeeeeee.eeeeeeeeee.eeeeeeeeee.eeeeeeeeee.rr.rr.
.re.rr.........................................................................................er.rr.
..r.rr.eeeeeeeeee.eeeeeeeeee.eeeeeeeeee.eeeeeeeeee.eeeeeeeeee.eeeeeeeeee.eeeeeeeeee.eeeeeeeeee.rr....
.rr.re.@@@@@@@@@@.@@@@@@@@@@.@@@@@@@@@@.@@@@@@@@@@.@@@@@@@@@@.@@@@@@@@@@.@@@@@@@@@@.@@@@@@@@@@.ee.rr.
.rr.er.eeeeeeeeee.eeeeeeeeee.eeeeeeeeee.eeeeeeeeee.eeeeeeeeee.eeeeeeeeee.eeeeeeeeee.eeeeeeeeee.er.r..
.er.rr.........................................................................................e..r..
.e..rr.eeeeeeeeee.eeeeeeeeee.eeeeeeeeee.eeeeeeeeee.eeeeeeeeee.eeeeeeeeee.eeeeeeeeee.eeeeeeeeee....e..
.re.rr.@@@@@@@@@@.@@@@@@@@@@.@@@@@@@@@@.@@@@@@@@@@.@@@@@@@@@@.@@@@@@@@@@.@@@@@@@@@@.@@@@@@@@@@.rr.re.
.er.er.eeeeeeeeee.eeeeeeeeee.eeeeeeeeee.eeeeeeeeee.eeeeeeeeee.eeeeeeeeee.eeeeeeeeee.eeeeeeeeee..r.r..
.re.rr.........................................................................................rr.ee.
.rr.ee.eeeeeeeeee.eeeeeeeeee.eeeeeeeeee.eeeeeeeeee.eeeeeeeeee.eeeeeeeeee.eeeeeeeeee.eeeeeeeeee.rr.rr.
.rr.er.@@@@@@@@@@.@@@@@@@@@@.@@@@@@@@@@.@@@@@@@@@@.@@@@@@@@@@.@@@@@@@@@@.@@@@@@@@@@.@@@@@@@@@@.ee..r.
.rr.rr.eeeeeeeeee.eeeeeeeeee.eeeeeeeeee.eeeeeeeeee.eeeeeeeeee.eeeeeeeeee.eeeeeeeeee.eeeeeeeeee..r.rr.
.rr.re.........................................................................................rr.rr.
.er.re.eeeeeeeeee.eeeeeeeeee.eeeeeeeeee.eeeeeeeeee.eeeeeeeeee.eeeeeeeeee.eeeeeeeeee.eeeeeeeeee..e.rr.
.rr.r..@@@@@@@@@@.@@@@@@@@@@.@@@@@@@@@@.@@@@@@@@@@.@@@@@@@@@@.@@@@@@@@@@.@@@@@@@@@@.@@@@@@@@@@.r..r..
.rr.rr.eeeeeeeeee.eeeeeeeeee.eeeeeeeeee.eeeeeeeeee.eeeeeeeeee.eeeeeeeeee.eeeeeeeeee.eeeeeeeeee..r.rr.
.re.rr.........................................................................................rr.rr.
.....e.eeeeeeeeee.eeeeeeeeee.eeeeeeeeee.eeeeeeeeee.eeeeeeeeee.eeeeeeeeee.eeeeeeeeee.eeeeeeeeee..r.rr.
.rr....@@@@@@@@@@.@@@@@@@@@@.@@@@@@@@@@.@@@@@@@@@@.@@@@@@@@@@.@@@@@@@@@@.@@@@@@@@@@.@@@@@@@@@@.er.rr.
.rr..e.eeeeeeeeee.eeeeeeeeee.eeeeeeeeee.eeeeeeeeee.eeeeeeeeee.eeeeeeeeee.eeeeeeeeee.eeeeeeeeee.rr.rr.
.er.er.........................................................................................rr.rr.
.e..rr.eeeeeeeeee.eeeeeeeeee.eeeeeeeeee.eeeeeeeeee.eeeeeeeeee.eeeeeeeeee.eeeeeeeeee.eeeeeeeeee.re.ee.
..r.er.@@@@@@@@@@.@@@@@@@@@@.@@@@@@@@@@.@@@@@@@@@@.@@@@@@@@@@.@@@@@@@@@@.@@@@@@@@@@.@@@@@@@@@@.rr.er.
.rr.rr.eeeeeeeeee.eeeeeeeeee.eeeeeeeeee.eeeeeeeeee.eeeeeeeeee.eeeeeeeeee.eeeeeeeeee.eeeeeeeeee.r..re.
.e..rr.........................................................................................er.r..
..r.ee.eeeeeeeeee.eeeeeeeeee.eeeeeeeeee.eeeeeeeeee.eeeeeeeeee.eeeeeeeeee.eeeeeeeeee.eeeeeeeeee.rr..r.
.rr.rr.@@@@@@@@@@.@@@@@@@@@@.@@@@@@@@@@.@@@@@@@@@@.@@@@@@@@@@.@@@@@@@@@@.@@@@@@@@@@.@@@@@@@@@@.rr.rr.
.rr..e.eeeeeeeeee.eeeeeeeeee.eeeeeeeeee.eeeeeeeeee.eeeeeeeeee.eeeeeeeeee.eeeeeeeeee.eeeeeeeeee.rr.re.
.er.rr.........................................................................................rr.rr.
.ee.rr.eeeeeeeeee.eeeeeeeeee.eeeeeeeeee.eeeeeeeeee.eeeeeeeeee.eeeeeeeeee.eeeeeeeeee.eeeeeeeeee.rr.re.
.r..re.@@@@@@@@@@.@@@@@@@@@@.@@@@@@@@@@.@@@@@@@@@@.@@@@@@@@@@.@@@@@@@@@@.@@@@@@@@@@.@@@@@@@@@@..r.rr.
..r.rr.eeeeeeeeee.eeeeeeeeee.eeeeeeeeee.eeeeeeeeee.eeeeeeeeee.eeeeeeeeee.eeeeeeeeee.eeeeeeeeee.ee.rr.
.rr.re..........................................................................................r.ee.
.rr.r..eeeeeeeeee.eeeeeeeeee.eeeeeeeeee.eeeeeeeeee.eeeeeeeeee.eeeeeeeeee.eeeeeeeeee.eeeeeeeeee.rr.er.
.rr.re.@@@@@@@@@@.@@@@@@@@@@.@@@@@@@@@@.@@@@@@@@@@.@@@@@@@@@@.@@@@@@@@@@.@@@@@@@@@@.@@@@@@@@@@.rr....
.rr.re.eeeeeeeeee.eeeeeeeeee.eeeeeeeeee.eeeeeeeeee.eeeeeeeeee.eeeeeeeeee.eeeeeeeeee.eeeeeeeeee.r..ee.
.rr.re.........................................................................................rr.rr.
.rr.rr.eeeeeeeeee.eeeeeeeeee.eeeeeeeeee.eeeeeeeeee.eeeeeeeeee.eeeeeeeeee.eeeeeeeeee.eeeeeeeeee..r.rr.
.rr.re.@@@@@@@@@@.@@@@@@@@@@.@@@@@@@@@@.@@@@@@@@@@.@@@@@@@@@@.@@@@@@@@@@.@@@@@@@@@@.@@@@@@@@@@.rr.re.
.er.rr.eeeeeeeeee.eeeeeeeeee.eeeeeeeeee.eeeeeeeeee.eeeeeeeeee.eeeeeeeeee.eeeeeeeeee.eeeeeeeeee.rr.rr.
.rr.ee.........................................................................................re.re.
.rr.rr.eeeeeeeeee.eeeeeeeeee.eeeeeeeeee.eeeeeeeeee.eeeeeeeeee.eeeeeeeeee.eeeeeeeeee.eeeeeeeeee....rr.
.rr.er.@@@@@@@@@@.@@@@@@@@@@.@@@@@@@@@@.@@@@@@@@@@.@@@@@@@@@@.@@@@@@@@@@.@@@@@@@@@@.@@@@@@@@@@.er.rr.
.rr..r.eeeeeeeeee.eeeeeeeeee.eeeeeeeeee.eeeeeeeeee.eeeeeeeeee.eeeeeeeeee.eeeeeeeeee.eeeeeeeeee.re.r..
.r..rr.........................................................................................rr.r..
.rr.rr.eeeeeeeeee.eeeeeeeeee.eeeeeeeeee.eeeeeeeeee.eeeeeeeeee.eeeeeeeeee.eeeeeeeeee.eeeeeeeeee.re.rr.
.re.e..@@@@@@@@@@.@@@@@@@@@@.@@@@@@@@@@.@@@@@@@@@@.@@@@@@@@@@.@@@@@@@@@@.@@@@@@@@@@.@@@@@@@@@@.rr.r..
.rr..r.eeeeeeeeee.eeeeeeeeee.eeeeeeeeee.eeeeeeeeee.eeeeeeeeee.eeeeeeeeee.eeeeeeeeee.eeeeeeeeee..r.r..
.r...e.........................................................................................rr.rr.
..r....eeeeeeeeee.eeeeeeeeee.eeeeeeeeee.eeeeeeeeee.eeeeeeeeee.eeeeeeeeee.eeeeeeeeee.eeeeeeeeee.r...r.
.r..rr.@@@@@@@@@@.@@@@@@@@@@.@@@@@@@@@@.@@@@@@@@@@.@@@@@@@@@@.@@@@@@@@@@.@@@@@@@@@@.@@@@@@@@@@.re.rr.
.r...r.eeeeeeeeee.eeeeeeeeee.eeeeeeeeee.eeeeeeeeee.eeeeeeeeee.eeeeeeeeee.eeeeeeeeee.eeeeeeeeee.rr.er.
.er.r..........................................................................................rr.er.
.rr.rr.eeeeeeeeee.eeeeeeeeee.eeeeeeeeee.eeeeeeeeee.eeeeeeeeee.eeeeeeeeee.eeeeeeeeee.eeeeeeeeee.er.rr.
.rr.ee.@@@@@@@@@@.@@@@@@@@@@.@@@@@@@@@@.@@@@@@@@@@.@@@@@@@@@@.@@@@@@@@@@.@@@@@@@@@@.@@@@@@@@@@.re.rr.
..r.rr.eeeeeeeeee.eeeeeeeeee.eeeeeeeeee.eeeeeeeeee.eeeeeeeeee.eeeeeeeeee.eeeeeeeeee.eeeeeeeeee....re.
.rr.rr..........................................................................................e.er.
.r..r..eeeeeeeeee.eeeeeeeeee.eeeeeeeeee.eeeeeeeeee.eeeeeeeeee.eeeeeeeeee.eeeeeeeeee.eeeeeeeeee.er.re.
.rr.rr.@@@@@@@@@@.@@@@@@@@@@.@@@@@@@@@@.@@@@@@@@@@.@@@@@@@@@@.@@@@@@@@@@.@@@@@@@@@@.@@@@@@@@@@.r..re.
.rr.rr.eeeeeeeeee.eeeeeeeeee.eeeeeeeeee.eeeeeeeeee.eeeeeeeeee.eeeeeeeeee.eeeeeeeeee.eeeeeeeeee.rr.er.
.er.re.........................................................................................rr.re.
.ee.rr.eeeeeeeeee.eeeeeeeeee.eeeeeeeeee.eeeeeeeeee.eeeeeeeeee.eeeeeeeeee.eeeeeeeeee.eeeeeeeeee.er.rr.
.er.re.@@@@@@@@@@.@@@@@@@@@@.@@@@@@@@@@.@@@@@@@@@@.@@@@@@@@@@.@@@@@@@@@@.@@@@@@@@@@.@@@@@@@@@@..r.rr.
..r.r..eeeeeeeeee.eeeeeeeeee.eeeeeeeeee.eeeeeeeeee.eeeeeeeeee.eeeeeeeeee.eeeeeeeeee.eeeeeeeeee.re.ee.
.re.re.........................................................................................re.rr.
..r.ee.eeeeeeeeee.eeeeeeeeee.eeeeeeeeee.eeeeeeeeee.eeeeeeeeee.eeeeeeeeee.eeeeeeeeee.eeeeeeeeee....rr.
.rr....@@@@@@@@@@.@@@@@@@@@@.@@@@@@@@@@.@@@@@@@@@@.@@@@@@@@@@.@@@@@@@@@@.@@@@@@@@@@.@@@@@@@@@@.rr..r.
.rr.re.eeeeeeeeee.eeeeeeeeee.eeeeeeeeee.eeeeeeeeee.eeeeeeeeee.eeeeeeeeee.eeeeeeeeee.eeeeeeeeee.rr.re.
.r..re..........................................................................................e.er.
.rr.er.eeeeeeeeee.eeeeeeeeee.eeeeeeeeee.eeeeeeeeee.eeeeeeeeee.eeeeeeeeee.eeeeeeeeee.eeeeeeeeee.re..e.
.rr.e..@@@@@@@@@@.@@@@@@@@@@.@@@@@@@@@@.@@@@@@@@@@.@@@@@@@@@@.@@@@@@@@@@.@@@@@@@@@@.@@@@@@@@@@.ee.rr.
.rr.rr.eeeeeeeeee.eeeeeeeeee.eeeeeeeeee.eeeeeeeeee.eeeeeeeeee.eeeeeeeeee.eeeeeeeeee.eeeeeeeeee.e..rr.
.rr..r.........................................................................................re..r.
.rr.re.eeeeeeeeee.eeeeeeeeee.eeeeeeeeee.eeeeeeeeee.eeeeeeeeee.eeeeeeeeee.eeeeeeeeee.eeeeeeeeee.r..ee.
..r.rr.@@@@@@@@@@.@@@@@@@@@@.@@@@@@@@@@.@@@@@@@@@@.@@@@@@@@@@.@@@@@@@@@@.@@@@@@@@@@.@@@@@@@@@@.rr..r.
.....r.eeeeeeeeee.eeeeeeeeee.eeeeeeeeee.eeeeeeeeee.eeeeeeeeee.eeeeeeeeee.eeeeeeeeee.eeeeeeeeee.re.rr.
.....................................................................................................
