41,57
912
50
5000
.........................................................
....ee.eeeeeeeeee.eeeeeeeeee.eeeeeeeeee.eeeeeeeeee.....e.
.ee.ee.@@@@@@@@@@.@@@@@@@@@@.@@@@@@@@@@.@@@@@@@@@@.er....
.rr.r..eeeeeeeeee.eeeeeeeeee.eeeeeeeeee.eeeeeeeeee.....e.
.....e................................................e..
.......eeeeeeeeee.eeeeeeeeee.eeeeeeeeee.eeeeeeeeee.r..rr.
....e..@@@@@@@@@@.@@@@@@@@@@.@@@@@@@@@@.@@@@@@@@@@..e.e..
....rr.eeeeeeeeee.eeeeeeeeee.eeeeeeeeee.eeeeeeeeee.e...e.
....er.............................................ee....
.....r.eeeeeeeeee.eeeeeeeeee.eeeeeeeeee.eeeeeeeeee..r....
.......@@@@@@@@@@.@@@@@@@@@@.@@@@@@@@@@.@@@@@@@@@@.e..r..
.rr.ee.eeeeeeeeee.eeeeeeeeee.eeeeeeeeee.eeeeeeeeee....e..
.e..ee.............................................e...e.
.r...e.eeeeeeeeee.eeeeeeeeee.eeeeeeeeee.eeeeeeeeee..e..e.
....ee.@@@@@@@@@@.@@@@@@@@@@.@@@@@@@@@@.@@@@@@@@@@....re.
.r..rr.eeeeeeeeee.eeeeeeeeee.eeeeeeeeee.eeeeeeeeee..r.er.
.ee.e..............................................rr....
.ee.ee.eeeeeeeeee.eeeeeeeeee.eeeeeeeeee.eeeeeeeeee.e..re.
....re.@@@@@@@@@@.@@@@@@@@@@.@@@@@@@@@@.@@@@@@@@@@..e..e.
....ee.eeeeeeeeee.eeeeeeeeee.eeeeeeeeee.eeeeeeeeee.re.e..
.e..ee................................................e..
..r.e..eeeeeeeeee.eeeeeeeeee.eeeeeeeeee.eeeeeeeeee.e..e..
.e..er.@@@@@@@@@@.@@@@@@@@@@.@@@@@@@@@@.@@@@@@@@@@.e.....
.re.r..eeeeeeeeee.eeeeeeeeee.eeeeeeeeee.eeeeeeeeee.ee.e..
.....r.............................................ee.e..
.er.r..eeeeeeeeee.eeeeeeeeee.eeeeeeeeee.eeeeeeeeee..e..e.
.e...e.@@@@@@@@@@.@@@@@@@@@@.@@@@@@@@@@.@@@@@@@@@@....e..
.r...r.eeeeeeeeee.eeeeeeeeee.eeeeeeeeee.eeeeeeeeee.ee.re.
.ee..e.............................................e..r..
.e...e.eeeeeeeeee.eeeeeeeeee.eeeeeeeeee.eeeeeeeeee..e.r..
....re.@@@@@@@@@@.@@@@@@@@@@.@@@@@@@@@@.@@@@@@@@@@.ee.ee.
.......eeeeeeeeee.eeeeeeeeee.eeeeeeeeee.eeeeeeeeee..r....
..e.ee..............................................e.e..
....re.eeeeeeeeee.eeeeeeeeee.eeeeeeeeee.eeeeeeeeee..e.re.
....re.@@@@@@@@@@.@@@@@@@@@@.@@@@@@@@@@.@@@@@@@@@@.rr.e..
....e..eeeeeeeeee.eeeeeeeeee.eeeeeeeeee.eeeeeeeeee.r.....
.e..ee.............................................e.....
....e..eeeeeeeeee.eeeeeeeeee.eeeeeeeeee.eeeeeeeeee..e..r.
..e.e..@@@@@@@@@@.@@@@@@@@@@.@@@@@@@@@@.@@@@@@@@@@.e...r.
.ee.e..eeeeeeeeee.eeeeeeeeee.eeeeeeeeee.eeeeeeeeee.r.....
.........................................................
