81,101
3332
300
5000
.....................................................................................................
.ee..r.eeeeeeeeee.eeeeeeeeee.eeeeeeeeee.eeeeeeeeee.eeeeeeeeee.eeeeeeeeee.eeeeeeeeee.eeeeeeeeee..e.e..
.re..e.@@@@@@@@@@.@@@@@@@@@@.@@@@@@@@@@.@@@@@@@@@@.@@@@@@@@@@.@@@@@@@@@@.@@@@@@@@@@.@@@@@@@@@@.re....
.e..r..eeeeeeeeee.eeeeeeeeee.eeeeeeeeee.eeeeeeeeee.eeeeeeeeee.eeeeeeeeee.eeeeeeeeee.eeeeeeeeee..r.r..
.re..r.........................................................................................er.rr.
..r.rr.eeeeeeeeee.eeeeeeeeee.eeeeeeeeee.eeeeeeeeee.eeeeeeeeee.eeeeeeeeee.eeeeeeeeee.eeeeeeeeee.r.....
.rr.re.@@@@@@@@@@.@@@@@@@@@@.@@@@@@@@@@.@@@@@@@@@@.@@@@@@@@@@.@@@@@@@@@@.@@@@@@@@@@.@@@@@@@@@@.ee.rr.
.r..er.eeeeeeeeee.eeeeeeeeee.eeeeeeeeee.eeeeeeeeee.eeeeeeeeee.eeeeeeeeee.eeeeeeeeee.eeeeeeeeee.er.r..
.e..rr.........................................................................................e..r..
.e...r.eeeeeeeeee.eeeeeeeeee.eeeeeeeeee.eeeeeeeeee.eeeeeeeeee.eeeeeeeeee.eeeeeeeeee.eeeeeeeeee....e..
..e.rr.@@@@@@@@@@.@@@@@@@@@@.@@@@@@@@@@.@@@@@@@@@@.@@@@@@@@@@.@@@@@@@@@@.@@@@@@@@@@.@@@@@@@@@@..r.re.
.er.er.eeeeeeeeee.eeeeeeeeee.eeeeeeeeee.eeeeeeeeee.eeeeeeeeee.eeeeeeeeee.eeeeeeeeee.eeeeeeeeee.......
.re.rr.........................................................................................rr.ee.
.rr.ee.eeeeeeeeee.eeeeeeeeee.eeeeeeeeee.eeeeeeeeee.eeeeeeeeee.eeeeeeeeee.eeeeeeeeee.eeeeeeeeee.rr.rr.
.r..er.@@@@@@@@@@.@@@@@@@@@@.@@@@@@@@@@.@@@@@@@@@@.@@@@@@@@@@.@@@@@@@@@@.@@@@@@@@@@.@@@@@@@@@@.ee..r.
.rr.rr.eeeeeeeeee.eeeeeeeeee.eeeeeeeeee.eeeeeeeeee.eeeeeeeeee.eeeeeeeeee.eeeeeeeeee.eeeeeeeeee.....r.
.rr.re.........................................................................................rr..r.
.er.re.eeeeeeeeee.eeeeeeeeee.eeeeeeeeee.eeeeeeeeee.eeeeeeeeee.eeeeeeeeee.eeeeeeeeee.eeeeeeeeee..e..r.
.r..r..@@@@@@@@@@.@@@@@@@@@@.@@@@@@@@@@.@@@@@@@@@@.@@@@@@@@@@.@@@@@@@@@@.@@@@@@@@@@.@@@@@@@@@@.......
.r..rr.eeeeeeeeee.eeeeeeeeee.eeeeeeeeee.eeeeeeeeee.eeeeeeeeee.eeeeeeeeee.eeeeeeeeee.eeeeeeeeee..r.rr.
.re.rr..........................................................................................r.rr.
.....e.eeeeeeeeee.eeeeeeeeee.eeeeeeeeee.eeeeeeeeee.eeeeeeeeee.eeeeeeeeee.eeeeeeeeee.eeeeeeeeee....r..
.rr....@@@@@@@@@@.@@@@@@@@@@.@@@@@@@@@@.@@@@@@@@@@.@@@@@@@@@@.@@@@@@@@@@.@@@@@@@@@@.@@@@@@@@@@.er.rr.
..r..e.eeeeeeeeee.eeeeeeeeee.eeeeeeeeee.eeeeeeeeee.eeeeeeeeee.eeeeeeeeee.eeeeeeeeee.eeeeeeeeee..r.rr.
.er.e..........................................................................................rr.rr.
.e..rr.eeeeeeeeee.eeeeeeeeee.eeeeeeeeee.eeeeeeeeee.eeeeeeeeee.eeeeeeeeee.eeeeeeeeee.eeeeeeeeee..e.ee.
..r.er.@@@@@@@@@@.@@@@@@@@@@.@@@@@@@@@@.@@@@@@@@@@.@@@@@@@@@@.@@@@@@@@@@.@@@@@@@@@@.@@@@@@@@@@.rr.e..
.rr..r.eeeeeeeeee.eeeeeeeeee.eeeeeeeeee.eeeeeeeeee.eeeeeeeeee.eeeeeeeeee.eeeeeeeeee.eeeeeeeeee.r..re.
.e..r..........................................................................................er....
..r.ee.eeeeeeeeee.eeeeeeeeee.eeeeeeeeee.eeeeeeeeee.eeeeeeeeee.eeeeeeeeee.eeeeeeeeee.eeeeeeeeee.rr..r.
.rr.r..@@@@@@@@@@.@@@@@@@@@@.@@@@@@@@@@.@@@@@@@@@@.@@@@@@@@@@.@@@@@@@@@@.@@@@@@@@@@.@@@@@@@@@@....rr.
.rr..e.eeeeeeeeee.eeeeeeeeee.eeeeeeeeee.eeeeeeeeee.eeeeeeeeee.eeeeeeeeee.eeeeeeeeee.eeeeeeeeee.r..re.
.e...r.........................................................................................r..rr.
.ee.rr.eeeeeeeeee.eeeeeeeeee.eeeeeeeeee.eeeeeeeeee.eeeeeeeeee.eeeeeeeeee.eeeeeeeeee.eeeeeeeeee.rr.re.
.r..re.@@@@@@@@@@.@@@@@@@@@@.@@@@@@@@@@.@@@@@@@@@@.@@@@@@@@@@.@@@@@@@@@@.@@@@@@@@@@.@@@@@@@@@@..r.rr.
....rr.eeeeeeeeee.eeeeeeeeee.eeeeeeeeee.eeeeeeeeee.eeeeeeeeee.eeeeeeeeee.eeeeeeeeee.eeeeeeeeee.ee.r..
.....e..........................................................................................r.ee.
.rr.r..eeeeeeeeee.eeeeeeeeee.eeeeeeeeee.eeeeeeeeee.eeeeeeeeee.eeeeeeeeee.eeeeeeeeee.eeeeeeeeee.rr.er.
..r..e.@@@@@@@@@@.@@@@@@@@@@.@@@@@@@@@@.@@@@@@@@@@.@@@@@@@@@@.@@@@@@@@@@.@@@@@@@@@@.@@@@@@@@@@.rr....
.rr..e.eeeeeeeeee.eeeeeeeeee.eeeeeeeeee.eeeeeeeeee.eeeeeeeeee.eeeeeeeeee.eeeeeeeeee.eeeeeeeeee.r..ee.
..r..e.........................................................................................rr.rr.
.rr.rr.eeeeeeeeee.eeeeeeeeee.eeeeeeeeee.eeeeeeeeee.eeeeeeeeee.eeeeeeeeee.eeeeeeeeee.eeeeeeeeee..r....
..r.re.@@@@@@@@@@.@@@@@@@@@@.@@@@@@@@@@.@@@@@@@@@@.@@@@@@@@@@.@@@@@@@@@@.@@@@@@@@@@.@@@@@@@@@@.rr..e.
.er.rr.eeeeeeeeee.eeeeeeeeee.eeeeeeeeee.eeeeeeeeee.eeeeeeeeee.eeeeeeeeee.eeeeeeeeee.eeeeeeeeee.rr.rr.
.rr.ee.........................................................................................re..e.
.rr.rr.eeeeeeeeee.eeeeeeeeee.eeeeeeeeee.eeeeeeeeee.eeeeeeeeee.eeeeeeeeee.eeeeeeeeee.eeeeeeeeee....rr.
.rr.er.@@@@@@@@@@.@@@@@@@@@@.@@@@@@@@@@.@@@@@@@@@@.@@@@@@@@@@.@@@@@@@@@@.@@@@@@@@@@.@@@@@@@@@@.er.r..
.rr..r.eeeeeeeeee.eeeeeeeeee.eeeeeeeeee.eeeeeeeeee.eeeeeeeeee.eeeeeeeeee.eeeeeeeeee.eeeeeeeeee.re.r..
...............................................................................................r..r..
.r..rr.eeeeeeeeee.eeeeeeeeee.eeeeeeeeee.eeeeeeeeee.eeeeeeeeee.eeeeeeeeee.eeeeeeeeee.eeeeeeeeee.re.rr.
.re.e..@@@@@@@@@@.@@@@@@@@@@.@@@@@@@@@@.@@@@@@@@@@.@@@@@@@@@@.@@@@@@@@@@.@@@@@@@@@@.@@@@@@@@@@.r..r..
..r....eeeeeeeeee.eeeeeeeeee.eeeeeeeeee.eeeeeeeeee.eeeeeeeeee.eeeeeeeeee.eeeeeeeeee.eeeeeeeeee..r.r..
.r...e.........................................................................................rr.rr.
.......eeeeeeeeee.eeeeeeeeee.eeeeeeeeee.eeeeeeeeee.eeeeeeeeee.eeeeeeeeee.eeeeeeeeee.eeeeeeeeee.r...r.
.r..rr.@@@@@@@@@@.@@@@@@@@@@.@@@@@@@@@@.@@@@@@@@@@.@@@@@@@@@@.@@@@@@@@@@.@@@@@@@@@@.@@@@@@@@@@.re.rr.
.r.....eeeeeeeeee.eeeeeeeeee.eeeeeeeeee.eeeeeeeeee.eeeeeeeeee.eeeeeeeeee.eeeeeeeeee.eeeeeeeeee.rr.er.
.e..............................................................................................r.er.
.rr.rr.eeeeeeeeee.eeeeeeeeee.eeeeeeeeee.eeeeeeeeee.eeeeeeeeee.eeeeeeeeee.eeeeeeeeee.eeeeeeeeee.er.rr.
.rr.ee.@@@@@@@@@@.@@@@@@@@@@.@@@@@@@@@@.@@@@@@@@@@.@@@@@@@@@@.@@@@@@@@@@.@@@@@@@@@@.@@@@@@@@@@.re..r.
..r.rr.eeeeeeeeee.eeeeeeeeee.eeeeeeeeee.eeeeeeeeee.eeeeeeeeee.eeeeeeeeee.eeeeeeeeee.eeeeeeeeee....re.
.r..r...........................................................................................e.er.
.r.....eeeeeeeeee.eeeeeeeeee.eeeeeeeeee.eeeeeeeeee.eeeeeeeeee.eeeeeeeeee.eeeeeeeeee.eeeeeeeeee.er..e.
..r..r.@@@@@@@@@@.@@@@@@@@@@.@@@@@@@@@@.@@@@@@@@@@.@@@@@@@@@@.@@@@@@@@@@.@@@@@@@@@@.@@@@@@@@@@.r...e.
.rr..r.eeeeeeeeee.eeeeeeeeee.eeeeeeeeee.eeeeeeeeee.eeeeeeeeee.eeeeeeeeee.eeeeeeeeee.eeeeeeeeee.r..er.
.er..e............................................................................................re.
.ee.r..eeeeeeeeee.eeeeeeeeee.eeeeeeeeee.eeeeeeeeee.eeeeeeeeee.eeeeeeeeee.eeeeeeeeee.eeeeeeeeee.er.r..
.e..re.@@@@@@@@@@.@@@@@@@@@@.@@@@@@@@@@.@@@@@@@@@@.@@@@@@@@@@.@@@@@@@@@@.@@@@@@@@@@.@@@@@@@@@@..r.rr.
..r....eeeeeeeeee.eeeeeeeeee.eeeeeeeeee.eeeeeeeeee.eeeeeeeeee.eeeeeeeeee.eeeeeeeeee.eeeeeeeeee..e.ee.
..e..e.........................................................................................re.rr.
..r.ee.eeeeeeeeee.eeeeeeeeee.eeeeeeeeee.eeeeeeeeee.eeeeeeeeee.eeeeeeeeee.eeeeeeeeee.eeeeeeeeee....rr.
.rr....@@@@@@@@@@.@@@@@@@@@@.@@@@@@@@@@.@@@@@@@@@@.@@@@@@@@@@.@@@@@@@@@@.@@@@@@@@@@.@@@@@@@@@@..r....
.rr.re.eeeeeeeeee.eeeeeeeeee.eeeeeeeeee.eeeeeeeeee.eeeeeeeeee.eeeeeeeeee.eeeeeeeeee.eeeeeeeeee.r..re.
.r..re..........................................................................................e.er.
.rr.er.eeeeeeeeee.eeeeeeeeee.eeeeeeeeee.eeeeeeeeee.eeeeeeeeee.eeeeeeeeee.eeeeeeeeee.eeeeeeeeee.re..e.
.r..e..@@@@@@@@@@.@@@@@@@@@@.@@@@@@@@@@.@@@@@@@@@@.@@@@@@@@@@.@@@@@@@@@@.@@@@@@@@@@.@@@@@@@@@@.ee.rr.
.rr.r..eeeeeeeeee.eeeeeeeeee.eeeeeeeeee.eeeeeeeeee.eeeeeeeeee.eeeeeeeeee.eeeeeeeeee.eeeeeeeeee.e..rr.
.rr..r.........................................................................................re..r.
....re.eeeeeeeeee.eeeeeeeeee.eeeeeeeeee.eeeeeeeeee.eeeeeeeeee.eeeeeeeeee.eeeeeeeeee.eeeeeeeeee....ee.
....rr.@@@@@@@@@@.@@@@@@@@@@.@@@@@@@@@@.@@@@@@@@@@.@@@@@@@@@@.@@@@@@@@@@.@@@@@@@@@@.@@@@@@@@@@.r.....
.....r.eeeeeeeeee.eeeeeeeeee.eeeeeeeeee.eeeeeeeeee.eeeeeeeeee.eeeeeeeeee.eeeeeeeeee.eeeeeeeeee.re.rr.
.....................................................................................................
