81,101
3332
300
5000
.....................................................................................................
..r.r..eeeeeeeeee.eeeeeeeeee.eeeeeeeeee.eeeeeeeeee.eeeeeeeeee.eeeeeeeeee.eeeeeeeeee.eeeeeeeeee....rr.
.rr.r..@@@@@@@@@@.@@@@@@@@@@.@@@@@@@@@@.@@@@@@@@@@.@@@@@@@@@@.@@@@@@@@@@.@@@@@@@@@@.@@@@@@@@@@.r...e.
.rr.ee.eeeeeeeeee.eeeeeeeeee.eeeeeeeeee.eeeeeeeeee.eeeeeeeeee.eeeeeeeeee.eeeeeeeeee.eeeeeeeeee.rr....
..r..r.........................................................................................re.ee.
.r..e..eeeeeeeeee.eeeeeeeeee.eeeeeeeeee.eeeeeeeeee.eeeeeeeeee.eeeeeeeeee.eeeeeeeeee.eeeeeeeeee..r.ee.
.re.r..@@@@@@@@@@.@@@@@@@@@@.@@@@@@@@@@.@@@@@@@@@@.@@@@@@@@@@.@@@@@@@@@@.@@@@@@@@@@.@@@@@@@@@@.r.....
.r..re.eeeeeeeeee.eeeeeeeeee.eeeeeeeeee.eeeeeeeeee.eeeeeeeeee.eeeeeeeeee.eeeeeeeeee.eeeeeeeeee.r..re.
..r.r..........................................................................................rr.re.
.rr..e.eeeeeeeeee.eeeeeeeeee.eeeeeeeeee.eeeeeeeeee.eeeeeeeeee.eeeeeeeeee.eeeeeeeeee.eeeeeeeeee.rr.e..
..e..r.@@@@@@@@@@.@@@@@@@@@@.@@@@@@@@@@.@@@@@@@@@@.@@@@@@@@@@.@@@@@@@@@@.@@@@@@@@@@.@@@@@@@@@@.ee..r.
.re.rr.eeeeeeeeee.eeeeeeeeee.eeeeeeeeee.eeeeeeeeee.eeeeeeeeee.eeeeeeeeee.eeeeeeeeee.eeeeeeeeee..e..r.
.rr.re..........................................................................................e.re.
.rr.re.eeeeeeeeee.eeeeeeeeee.eeeeeeeeee.eeeeeeeeee.eeeeeeeeee.eeeeeeeeee.eeeeeeeeee.eeeeeeeeee.er..r.
..r.e..@@@@@@@@@@.@@@@@@@@@@.@@@@@@@@@@.@@@@@@@@@@.@@@@@@@@@@.@@@@@@@@@@.@@@@@@@@@@.@@@@@@@@@@.r.....
.er.rr.eeeeeeeeee.eeeeeeeeee.eeeeeeeeee.eeeeeeeeee.eeeeeeeeee.eeeeeeeeee.eeeeeeeeee.eeeeeeeeee.rr.er.
.....e.........................................................................................rr.er.
..e.rr.eeeeeeeeee.eeeeeeeeee.eeeeeeeeee.eeeeeeeeee.eeeeeeeeee.eeeeeeeeee.eeeeeeeeee.eeeeeeeeee.re.er.
.r...e.@@@@@@@@@@.@@@@@@@@@@.@@@@@@@@@@.@@@@@@@@@@.@@@@@@@@@@.@@@@@@@@@@.@@@@@@@@@@.@@@@@@@@@@.rr.ee.
.er..r.eeeeeeeeee.eeeeeeeeee.eeeeeeeeee.eeeeeeeeee.eeeeeeeeee.eeeeeeeeee.eeeeeeeeee.eeeeeeeeee..e.ee.
.er..r.........................................................................................rr.er.
.rr.r..eeeeeeeeee.eeeeeeeeee.eeeeeeeeee.eeeeeeeeee.eeeeeeeeee.eeeeeeeeee.eeeeeeeeee.eeeeeeeeee.r..rr.
..r.er.@@@@@@@@@@.@@@@@@@@@@.@@@@@@@@@@.@@@@@@@@@@.@@@@@@@@@@.@@@@@@@@@@.@@@@@@@@@@.@@@@@@@@@@.e..er.
.er.r..eeeeeeeeee.eeeeeeeeee.eeeeeeeeee.eeeeeeeeee.eeeeeeeeee.eeeeeeeeee.eeeeeeeeee.eeeeeeeeee..r....
.e..r.............................................................................................rr.
.re.r..eeeeeeeeee.eeeeeeeeee.eeeeeeeeee.eeeeeeeeee.eeeeeeeeee.eeeeeeeeee.eeeeeeeeee.eeeeeeeeee.ee.e..
..r.r..@@@@@@@@@@.@@@@@@@@@@.@@@@@@@@@@.@@@@@@@@@@.@@@@@@@@@@.@@@@@@@@@@.@@@@@@@@@@.@@@@@@@@@@.er.r..
.re.rr.eeeeeeeeee.eeeeeeeeee.eeeeeeeeee.eeeeeeeeee.eeeeeeeeee.eeeeeeeeee.eeeeeeeeee.eeeeeeeeee.r..r..
.re.rr.........................................................................................rr.re.
.rr.r..eeeeeeeeee.eeeeeeeeee.eeeeeeeeee.eeeeeeeeee.eeeeeeeeee.eeeeeeeeee.eeeeeeeeee.eeeeeeeeee.r..r..
.....r.@@@@@@@@@@.@@@@@@@@@@.@@@@@@@@@@.@@@@@@@@@@.@@@@@@@@@@.@@@@@@@@@@.@@@@@@@@@@.@@@@@@@@@@.r..r..
.re.r..eeeeeeeeee.eeeeeeeeee.eeeeeeeeee.eeeeeeeeee.eeeeeeeeee.eeeeeeeeee.eeeeeeeeee.eeeeeeeeee.re.rr.
.e..rr.........................................................................................rr.er.
.rr.e..eeeeeeeeee.eeeeeeeeee.eeeeeeeeee.eeeeeeeeee.eeeeeeeeee.eeeeeeeeee.eeeeeeeeee.eeeeeeeeee.re.er.
.rr.re.@@@@@@@@@@.@@@@@@@@@@.@@@@@@@@@@.@@@@@@@@@@.@@@@@@@@@@.@@@@@@@@@@.@@@@@@@@@@.@@@@@@@@@@....r..
.r..er.eeeeeeeeee.eeeeeeeeee.eeeeeeeeee.eeeeeeeeee.eeeeeeeeee.eeeeeeeeee.eeeeeeeeee.eeeeeeeeee....er.
.re.............................................................................................e.er.
..r....eeeeeeeeee.eeeeeeeeee.eeeeeeeeee.eeeeeeeeee.eeeeeeeeee.eeeeeeeeee.eeeeeeeeee.eeeeeeeeee.rr.r..
.er.er.@@@@@@@@@@.@@@@@@@@@@.@@@@@@@@@@.@@@@@@@@@@.@@@@@@@@@@.@@@@@@@@@@.@@@@@@@@@@.@@@@@@@@@@.rr.e..
.re.r..eeeeeeeeee.eeeeeeeeee.eeeeeeeeee.eeeeeeeeee.eeeeeeeeee.eeeeeeeeee.eeeeeeeeee.eeeeeeeeee.er..r.
....r...........................................................................................e.er.
..r..r.eeeeeeeeee.eeeeeeeeee.eeeeeeeeee.eeeeeeeeee.eeeeeeeeee.eeeeeeeeee.eeeeeeeeee.eeeeeeeeee.rr..r.
.er..r.@@@@@@@@@@.@@@@@@@@@@.@@@@@@@@@@.@@@@@@@@@@.@@@@@@@@@@.@@@@@@@@@@.@@@@@@@@@@.@@@@@@@@@@..r.e..
.rr.rr.eeeeeeeeee.eeeeeeeeee.eeeeeeeeee.eeeeeeeeee.eeeeeeeeee.eeeeeeeeee.eeeeeeeeee.eeeeeeeeee.re.rr.
..r.rr.........................................................................................r..rr.
..r.r..eeeeeeeeee.eeeeeeeeee.eeeeeeeeee.eeeeeeeeee.eeeeeeeeee.eeeeeeeeee.eeeeeeeeee.eeeeeeeeee.rr.rr.
.e..er.@@@@@@@@@@.@@@@@@@@@@.@@@@@@@@@@.@@@@@@@@@@.@@@@@@@@@@.@@@@@@@@@@.@@@@@@@@@@.@@@@@@@@@@.e.....
.re....eeeeeeeeee.eeeeeeeeee.eeeeeeeeee.eeeeeeeeee.eeeeeeeeee.eeeeeeeeee.eeeeeeeeee.eeeeeeeeee.r..er.
.r..r..........................................................................................re.r..
.er..r.eeeeeeeeee.eeeeeeeeee.eeeeeeeeee.eeeeeeeeee.eeeeeeeeee.eeeeeeeeee.eeeeeeeeee.eeeeeeeeee.rr.rr.
.r..r..@@@@@@@@@@.@@@@@@@@@@.@@@@@@@@@@.@@@@@@@@@@.@@@@@@@@@@.@@@@@@@@@@.@@@@@@@@@@.@@@@@@@@@@.ee.re.
..r.rr.eeeeeeeeee.eeeeeeeeee.eeeeeeeeee.eeeeeeeeee.eeeeeeeeee.eeeeeeeeee.eeeeeeeeee.eeeeeeeeee....rr.
.re............................................................................................rr..e.
.rr....eeeeeeeeee.eeeeeeeeee.eeeeeeeeee.eeeeeeeeee.eeeeeeeeee.eeeeeeeeee.eeeeeeeeee.eeeeeeeeee.re.er.
.e.....@@@@@@@@@@.@@@@@@@@@@.@@@@@@@@@@.@@@@@@@@@@.@@@@@@@@@@.@@@@@@@@@@.@@@@@@@@@@.@@@@@@@@@@.re.r..
..r.r..eeeeeeeeee.eeeeeeeeee.eeeeeeeeee.eeeeeeeeee.eeeeeeeeee.eeeeeeeeee.eeeeeeeeee.eeeeeeeeee..r..r.
.r..r...........................................................................................r.r..
.......eeeeeeeeee.eeeeeeeeee.eeeeeeeeee.eeeeeeeeee.eeeeeeeeee.eeeeeeeeee.eeeeeeeeee.eeeeeeeeee.e...r.
.r..e..@@@@@@@@@@.@@@@@@@@@@.@@@@@@@@@@.@@@@@@@@@@.@@@@@@@@@@.@@@@@@@@@@.@@@@@@@@@@.@@@@@@@@@@.er..e.
.......eeeeeeeeee.eeeeeeeeee.eeeeeeeeee.eeeeeeeeee.eeeeeeeeee.eeeeeeeeee.eeeeeeeeee.eeeeeeeeee.rr..r.
.re.re.........................................................................................ee..r.
.rr.er.eeeeeeeeee.eeeeeeeeee.eeeeeeeeee.eeeeeeeeee.eeeeeeeeee.eeeeeeeeee.eeeeeeeeee.eeeeeeeeee.rr..r.
.r..r..@@@@@@@@@@.@@@@@@@@@@.@@@@@@@@@@.@@@@@@@@@@.@@@@@@@@@@.@@@@@@@@@@.@@@@@@@@@@.@@@@@@@@@@.re.er.
....r..eeeeeeeeee.eeeeeeeeee.eeeeeeeeee.eeeeeeeeee.eeeeeeeeee.eeeeeeeeee.eeeeeeeeee.eeeeeeeeee..r.rr.
.r..er..........................................................................................r....
..e.e..eeeeeeeeee.eeeeeeeeee.eeeeeeeeee.eeeeeeeeee.eeeeeeeeee.eeeeeeeeee.eeeeeeeeee.eeeeeeeeee.r...r.
..r.r..@@@@@@@@@@.@@@@@@@@@@.@@@@@@@@@@.@@@@@@@@@@.@@@@@@@@@@.@@@@@@@@@@.@@@@@@@@@@.@@@@@@@@@@.r...e.
.ee.re.eeeeeeeeee.eeeeeeeeee.eeeeeeeeee.eeeeeeeeee.eeeeeeeeee.eeeeeeeeee.eeeeeeeeee.eeeeeeeeee.rr.rr.
.rr.r..........................................................................................e..re.
.rr.ee.eeeeeeeeee.eeeeeeeeee.eeeeeeeeee.eeeeeeeeee.eeeeeeeeee.eeeeeeeeee.eeeeeeeeee.eeeeeeeeee.er..r.
..r..r.@@@@@@@@@@.@@@@@@@@@@.@@@@@@@@@@.@@@@@@@@@@.@@@@@@@@@@.@@@@@@@@@@.@@@@@@@@@@.@@@@@@@@@@.rr.e..
.er.er.eeeeeeeeee.eeeeeeeeee.eeeeeeeeee.eeeeeeeeee.eeeeeeeeee.eeeeeeeeee.eeeeeeeeee.eeeeeeeeee.r..re.
.rr............................................................................................rr..r.
.re.ee.eeeeeeeeee.eeeeeeeeee.eeeeeeeeee.eeeeeeeeee.eeeeeeeeee.eeeeeeeeee.eeeeeeeeee.eeeeeeeeee..r..e.
.ee.er.@@@@@@@@@@.@@@@@@@@@@.@@@@@@@@@@.@@@@@@@@@@.@@@@@@@@@@.@@@@@@@@@@.@@@@@@@@@@.@@@@@@@@@@.er.r..
.rr..r.eeeeeeeeee.eeeeeeeeee.eeeeeeeeee.eeeeeeeeee.eeeeeeeeee.eeeeeeeeee.eeeeeeeeee.eeeeeeeeee..r..r.
..r.rr............................................................................................rr.
.r..r..eeeeeeeeee.eeeeeeeeee.eeeeeeeeee.eeeeeeeeee.eeeeeeeeee.eeeeeeeeee.eeeeeeeeee.eeeeeeeeee.r..r..
....rr.@@@@@@@@@@.@@@@@@@@@@.@@@@@@@@@@.@@@@@@@@@@.@@@@@@@@@@.@@@@@@@@@@.@@@@@@@@@@.@@@@@@@@@@.re.e..
..r.er.eeeeeeeeee.eeeeeeeeee.eeeeeeeeee.eeeeeeeeee.eeeeeeeeee.eeeeeeeeee.eeeeeeeeee.eeeeeeeeee.rr..r.
.....................................................................................................
