41,57
912
150
5000
.........................................................
.r..ee.eeeeeeeeee.eeeeeeeeee.eeeeeeeeee.eeeeeeeeee.rr.re.
.ee.ee.@@@@@@@@@@.@@@@@@@@@@.@@@@@@@@@@.@@@@@@@@@@.er.r..
.rr.rr.eeeeeeeeee.eeeeeeeeee.eeeeeeeeee.eeeeeeeeee....re.
.rr.re.............................................rr.e..
.r...r.eeeeeeeeee.eeeeeeeeee.eeeeeeeeee.eeeeeeeeee.rr.rr.
.r..e..@@@@@@@@@@.@@@@@@@@@@.@@@@@@@@@@.@@@@@@@@@@.re.er.
....rr.eeeeeeeeee.eeeeeeeeee.eeeeeeeeee.eeeeeeeeee.e...e.
.rr.er.............................................ee.rr.
.rr..r.eeeeeeeeee.eeeeeeeeee.eeeeeeeeee.eeeeeeeeee..r..r.
.r...r.@@@@@@@@@@.@@@@@@@@@@.@@@@@@@@@@.@@@@@@@@@@.er.r..
.rr.ee.eeeeeeeeee.eeeeeeeeee.eeeeeeeeee.eeeeeeeeee.r..er.
.er.ee.............................................er..e.
.rr..e.eeeeeeeeee.eeeeeeeeee.eeeeeeeeee.eeeeeeeeee.re..e.
.rr.ee.@@@@@@@@@@.@@@@@@@@@@.@@@@@@@@@@.@@@@@@@@@@.rr.re.
.rr.rr.eeeeeeeeee.eeeeeeeeee.eeeeeeeeee.eeeeeeeeee.rr.er.
.ee.er.............................................rr.r..
.ee.ee.eeeeeeeeee.eeeeeeeeee.eeeeeeeeee.eeeeeeeeee.er.re.
..r.re.@@@@@@@@@@.@@@@@@@@@@.@@@@@@@@@@.@@@@@@@@@@.re..e.
..r.ee.eeeeeeeeee.eeeeeeeeee.eeeeeeeeee.eeeeeeeeee.re.er.
.e..ee................................................e..
.rr.er.eeeeeeeeee.eeeeeeeeee.eeeeeeeeee.eeeeeeeeee.er.er.
.er.er.@@@@@@@@@@.@@@@@@@@@@.@@@@@@@@@@.@@@@@@@@@@.er.rr.
.re.rr.eeeeeeeeee.eeeeeeeeee.eeeeeeeeee.eeeeeeeeee.ee.er.
.rr.rr.............................................ee.e..
.er.rr.eeeeeeeeee.eeeeeeeeee.eeeeeeeeee.eeeeeeeeee..e.re.
.e..re.@@@@@@@@@@.@@@@@@@@@@.@@@@@@@@@@.@@@@@@@@@@.r..er.
.rr.rr.eeeeeeeeee.eeeeeeeeee.eeeeeeeeee.eeeeeeeeee.ee.re.
.ee.re.............................................e..rr.
.er.re.eeeeeeeeee.eeeeeeeeee.eeeeeeeeee.eeeeeeeeee..e.rr.
....re.@@@@@@@@@@.@@@@@@@@@@.@@@@@@@@@@.@@@@@@@@@@.ee.ee.
..r.r..eeeeeeeeee.eeeeeeeeee.eeeeeeeeee.eeeeeeeeee.rr....
.re.ee.............................................re.er.
.rr.re.eeeeeeeeee.eeeeeeeeee.eeeeeeeeee.eeeeeeeeee.re.re.
....re.@@@@@@@@@@.@@@@@@@@@@.@@@@@@@@@@.@@@@@@@@@@.rr.er.
.rr.er.eeeeeeeeee.eeeeeeeeee.eeeeeeeeee.eeeeeeeeee.r..rr.
.er.ee.............................................er.rr.
.rr.er.eeeeeeeeee.eeeeeeeeee.eeeeeeeeee.eeeeeeeeee.re.rr.
.re.er.@@@@@@@@@@.@@@@@@@@@@.@@@@@@@@@@.@@@@@@@@@@.e..rr.
.ee.e..eeeeeeeeee.eeeeeeeeee.eeeeeeeeee.eeeeeeeeee.r..r..
.........................................................
