81,101
3332
100
5000
.....................................................................................................
..r....eeeeeeeeee.eeeeeeeeee.eeeeeeeeee.eeeeeeeeee.eeeeeeeeee.eeeeeeeeee.eeeeeeeeee.eeeeeeeeee....r..
.r.....@@@@@@@@@@.@@@@@@@@@@.@@@@@@@@@@.@@@@@@@@@@.@@@@@@@@@@.@@@@@@@@@@.@@@@@@@@@@.@@@@@@@@@@.....e.
.r..ee.eeeeeeeeee.eeeeeeeeee.eeeeeeeeee.eeeeeeeeee.eeeeeeeeee.eeeeeeeeee.eeeeeeeeee.eeeeeeeeee..r....
..r.............................................................................................e.ee.
....e..eeeeeeeeee.eeeeeeeeee.eeeeeeeeee.eeeeeeeeee.eeeeeeeeee.eeeeeeeeee.eeeeeeeeee.eeeeeeeeee....ee.
..e....@@@@@@@@@@.@@@@@@@@@@.@@@@@@@@@@.@@@@@@@@@@.@@@@@@@@@@.@@@@@@@@@@.@@@@@@@@@@.@@@@@@@@@@.r.....
.r...e.eeeeeeeeee.eeeeeeeeee.eeeeeeeeee.eeeeeeeeee.eeeeeeeeee.eeeeeeeeee.eeeeeeeeee.eeeeeeeeee....re.
..r............................................................................................r...e.
.....e.eeeeeeeeee.eeeeeeeeee.eeeeeeeeee.eeeeeeeeee.eeeeeeeeee.eeeeeeeeee.eeeeeeeeee.eeeeeeeeee..r.e..
..e..r.@@@@@@@@@@.@@@@@@@@@@.@@@@@@@@@@.@@@@@@@@@@.@@@@@@@@@@.@@@@@@@@@@.@@@@@@@@@@.@@@@@@@@@@.ee..r.
..e.r..eeeeeeeeee.eeeeeeeeee.eeeeeeeeee.eeeeeeeeee.eeeeeeeeee.eeeeeeeeee.eeeeeeeeee.eeeeeeeeee..e..r.
..r..e..........................................................................................e..e.
.r..re.eeeeeeeeee.eeeeeeeeee.eeeeeeeeee.eeeeeeeeee.eeeeeeeeee.eeeeeeeeee.eeeeeeeeee.eeeeeeeeee.e.....
..r.e..@@@@@@@@@@.@@@@@@@@@@.@@@@@@@@@@.@@@@@@@@@@.@@@@@@@@@@.@@@@@@@@@@.@@@@@@@@@@.@@@@@@@@@@.......
.er..r.eeeeeeeeee.eeeeeeeeee.eeeeeeeeee.eeeeeeeeee.eeeeeeeeee.eeeeeeeeee.eeeeeeeeee.eeeeeeeeee....er.
.....e............................................................................................er.
..e....eeeeeeeeee.eeeeeeeeee.eeeeeeeeee.eeeeeeeeee.eeeeeeeeee.eeeeeeeeee.eeeeeeeeee.eeeeeeeeee..e.e..
.....e.@@@@@@@@@@.@@@@@@@@@@.@@@@@@@@@@.@@@@@@@@@@.@@@@@@@@@@.@@@@@@@@@@.@@@@@@@@@@.@@@@@@@@@@.r..ee.
.e.....eeeeeeeeee.eeeeeeeeee.eeeeeeeeee.eeeeeeeeee.eeeeeeeeee.eeeeeeeeee.eeeeeeeeee.eeeeeeeeee..e.ee.
.e................................................................................................er.
..r....eeeeeeeeee.eeeeeeeeee.eeeeeeeeee.eeeeeeeeee.eeeeeeeeee.eeeeeeeeee.eeeeeeeeee.eeeeeeeeee.......
....e..@@@@@@@@@@.@@@@@@@@@@.@@@@@@@@@@.@@@@@@@@@@.@@@@@@@@@@.@@@@@@@@@@.@@@@@@@@@@.@@@@@@@@@@.e..er.
.e.....eeeeeeeeee.eeeeeeeeee.eeeeeeeeee.eeeeeeeeee.eeeeeeeeee.eeeeeeeeee.eeeeeeeeee.eeeeeeeeee.......
.e.................................................................................................r.
..e....eeeeeeeeee.eeeeeeeeee.eeeeeeeeee.eeeeeeeeee.eeeeeeeeee.eeeeeeeeee.eeeeeeeeee.eeeeeeeeee.ee.e..
.......@@@@@@@@@@.@@@@@@@@@@.@@@@@@@@@@.@@@@@@@@@@.@@@@@@@@@@.@@@@@@@@@@.@@@@@@@@@@.@@@@@@@@@@.e.....
..e....eeeeeeeeee.eeeeeeeeee.eeeeeeeeee.eeeeeeeeee.eeeeeeeeee.eeeeeeeeee.eeeeeeeeee.eeeeeeeeee....r..
.re.rr..........................................................................................r.re.
.......eeeeeeeeee.eeeeeeeeee.eeeeeeeeee.eeeeeeeeee.eeeeeeeeee.eeeeeeeeee.eeeeeeeeee.eeeeeeeeee.r..r..
.....r.@@@@@@@@@@.@@@@@@@@@@.@@@@@@@@@@.@@@@@@@@@@.@@@@@@@@@@.@@@@@@@@@@.@@@@@@@@@@.@@@@@@@@@@....r..
..e.r..eeeeeeeeee.eeeeeeeeee.eeeeeeeeee.eeeeeeeeee.eeeeeeeeee.eeeeeeeeee.eeeeeeeeee.eeeeeeeeee.re..r.
.e...r.........................................................................................r..e..
....e..eeeeeeeeee.eeeeeeeeee.eeeeeeeeee.eeeeeeeeee.eeeeeeeeee.eeeeeeeeee.eeeeeeeeee.eeeeeeeeee.re.e..
.r...e.@@@@@@@@@@.@@@@@@@@@@.@@@@@@@@@@.@@@@@@@@@@.@@@@@@@@@@.@@@@@@@@@@.@@@@@@@@@@.@@@@@@@@@@.......
.r..er.eeeeeeeeee.eeeeeeeeee.eeeeeeeeee.eeeeeeeeee.eeeeeeeeee.eeeeeeeeee.eeeeeeeeee.eeeeeeeeee....e..
..e.............................................................................................e.e..
.......eeeeeeeeee.eeeeeeeeee.eeeeeeeeee.eeeeeeeeee.eeeeeeeeee.eeeeeeeeee.eeeeeeeeee.eeeeeeeeee.r..r..
.e..e..@@@@@@@@@@.@@@@@@@@@@.@@@@@@@@@@.@@@@@@@@@@.@@@@@@@@@@.@@@@@@@@@@.@@@@@@@@@@.@@@@@@@@@@.r..e..
..e....eeeeeeeeee.eeeeeeeeee.eeeeeeeeee.eeeeeeeeee.eeeeeeeeee.eeeeeeeeee.eeeeeeeeee.eeeeeeeeee.e.....
................................................................................................e.e..
..r..r.eeeeeeeeee.eeeeeeeeee.eeeeeeeeee.eeeeeeeeee.eeeeeeeeee.eeeeeeeeee.eeeeeeeeee.eeeeeeeeee.....r.
.er....@@@@@@@@@@.@@@@@@@@@@.@@@@@@@@@@.@@@@@@@@@@.@@@@@@@@@@.@@@@@@@@@@.@@@@@@@@@@.@@@@@@@@@@..r.e..
.....r.eeeeeeeeee.eeeeeeeeee.eeeeeeeeee.eeeeeeeeee.eeeeeeeeee.eeeeeeeeee.eeeeeeeeee.eeeeeeeeee..e..r.
.....................................................................................................
....r..eeeeeeeeee.eeeeeeeeee.eeeeeeeeee.eeeeeeeeee.eeeeeeeeee.eeeeeeeeee.eeeeeeeeee.eeeeeeeeee.r..rr.
.e..e..@@@@@@@@@@.@@@@@@@@@@.@@@@@@@@@@.@@@@@@@@@@.@@@@@@@@@@.@@@@@@@@@@.@@@@@@@@@@.@@@@@@@@@@.e.....
.re....eeeeeeeeee.eeeeeeeeee.eeeeeeeeee.eeeeeeeeee.eeeeeeeeee.eeeeeeeeee.eeeeeeeeee.eeeeeeeeee.r..e..
...............................................................................................re....
.e.....eeeeeeeeee.eeeeeeeeee.eeeeeeeeee.eeeeeeeeee.eeeeeeeeee.eeeeeeeeee.eeeeeeeeee.eeeeeeeeee.......
.......@@@@@@@@@@.@@@@@@@@@@.@@@@@@@@@@.@@@@@@@@@@.@@@@@@@@@@.@@@@@@@@@@.@@@@@@@@@@.@@@@@@@@@@.ee.re.
.......eeeeeeeeee.eeeeeeeeee.eeeeeeeeee.eeeeeeeeee.eeeeeeeeee.eeeeeeeeee.eeeeeeeeee.eeeeeeeeee.......
.re.............................................................................................r..e.
..r....eeeeeeeeee.eeeeeeeeee.eeeeeeeeee.eeeeeeeeee.eeeeeeeeee.eeeeeeeeee.eeeeeeeeee.eeeeeeeeee..e.e..
.e.....@@@@@@@@@@.@@@@@@@@@@.@@@@@@@@@@.@@@@@@@@@@.@@@@@@@@@@.@@@@@@@@@@.@@@@@@@@@@.@@@@@@@@@@..e....
....r..eeeeeeeeee.eeeeeeeeee.eeeeeeeeee.eeeeeeeeee.eeeeeeeeee.eeeeeeeeee.eeeeeeeeee.eeeeeeeeee.....r.
.....................................................................................................
.......eeeeeeeeee.eeeeeeeeee.eeeeeeeeee.eeeeeeeeee.eeeeeeeeee.eeeeeeeeee.eeeeeeeeee.eeeeeeeeee.e.....
....e..@@@@@@@@@@.@@@@@@@@@@.@@@@@@@@@@.@@@@@@@@@@.@@@@@@@@@@.@@@@@@@@@@.@@@@@@@@@@.@@@@@@@@@@.er..e.
.......eeeeeeeeee.eeeeeeeeee.eeeeeeeeee.eeeeeeeeee.eeeeeeeeee.eeeeeeeeee.eeeeeeeeee.eeeeeeeeee..r..r.
..e.re.........................................................................................ee..r.
..r.er.eeeeeeeeee.eeeeeeeeee.eeeeeeeeee.eeeeeeeeee.eeeeeeeeee.eeeeeeeeee.eeeeeeeeee.eeeeeeeeee.......
.......@@@@@@@@@@.@@@@@@@@@@.@@@@@@@@@@.@@@@@@@@@@.@@@@@@@@@@.@@@@@@@@@@.@@@@@@@@@@.@@@@@@@@@@..e.e..
....r..eeeeeeeeee.eeeeeeeeee.eeeeeeeeee.eeeeeeeeee.eeeeeeeeee.eeeeeeeeee.eeeeeeeeee.eeeeeeeeee.......
....e................................................................................................
..e.e..eeeeeeeeee.eeeeeeeeee.eeeeeeeeee.eeeeeeeeee.eeeeeeeeee.eeeeeeeeee.eeeeeeeeee.eeeeeeeeee.....r.
....r..@@@@@@@@@@.@@@@@@@@@@.@@@@@@@@@@.@@@@@@@@@@.@@@@@@@@@@.@@@@@@@@@@.@@@@@@@@@@.@@@@@@@@@@.....e.
.ee.re.eeeeeeeeee.eeeeeeeeee.eeeeeeeeee.eeeeeeeeee.eeeeeeeeee.eeeeeeeeee.eeeeeeeeee.eeeeeeeeee.....r.
.r.............................................................................................e..re.
.r..ee.eeeeeeeeee.eeeeeeeeee.eeeeeeeeee.eeeeeeeeee.eeeeeeeeee.eeeeeeeeee.eeeeeeeeee.eeeeeeeeee.e.....
.......@@@@@@@@@@.@@@@@@@@@@.@@@@@@@@@@.@@@@@@@@@@.@@@@@@@@@@.@@@@@@@@@@.@@@@@@@@@@.@@@@@@@@@@..r.e..
.er.e..eeeeeeeeee.eeeeeeeeee.eeeeeeeeee.eeeeeeeeee.eeeeeeeeee.eeeeeeeeee.eeeeeeeeee.eeeeeeeeee.r...e.
.r.................................................................................................r.
..e.ee.eeeeeeeeee.eeeeeeeeee.eeeeeeeeee.eeeeeeeeee.eeeeeeeeee.eeeeeeeeee.eeeeeeeeee.eeeeeeeeee.....e.
.ee.e..@@@@@@@@@@.@@@@@@@@@@.@@@@@@@@@@.@@@@@@@@@@.@@@@@@@@@@.@@@@@@@@@@.@@@@@@@@@@.@@@@@@@@@@.er.r..
.rr....eeeeeeeeee.eeeeeeeeee.eeeeeeeeee.eeeeeeeeee.eeeeeeeeee.eeeeeeeeee.eeeeeeeeee.eeeeeeeeee.....r.
.....................................................................................................
.......eeeeeeeeee.eeeeeeeeee.eeeeeeeeee.eeeeeeeeee.eeeeeeeeee.eeeeeeeeee.eeeeeeeeee.eeeeeeeeee....r..
....rr.@@@@@@@@@@.@@@@@@@@@@.@@@@@@@@@@.@@@@@@@@@@.@@@@@@@@@@.@@@@@@@@@@.@@@@@@@@@@.@@@@@@@@@@.re.e..
....e..eeeeeeeeee.eeeeeeeeee.eeeeeeeeee.eeeeeeeeee.eeeeeeeeee.eeeeeeeeee.eeeeeeeeee.eeeeeeeeee.......
.....................................................................................................
