81,101
3332
200
5000
.....................................................................................................
..r....eeeeeeeeee.eeeeeeeeee.eeeeeeeeee.eeeeeeeeee.eeeeeeeeee.eeeeeeeeee.eeeeeeeeee.eeeeeeeeee....rr.
.r..r..@@@@@@@@@@.@@@@@@@@@@.@@@@@@@@@@.@@@@@@@@@@.@@@@@@@@@@.@@@@@@@@@@.@@@@@@@@@@.@@@@@@@@@@.....e.
.rr.ee.eeeeeeeeee.eeeeeeeeee.eeeeeeeeee.eeeeeeeeee.eeeeeeeeee.eeeeeeeeee.eeeeeeeeee.eeeeeeeeee..r....
..r..r..........................................................................................e.ee.
.r..e..eeeeeeeeee.eeeeeeeeee.eeeeeeeeee.eeeeeeeeee.eeeeeeeeee.eeeeeeeeee.eeeeeeeeee.eeeeeeeeee..r.ee.
..e....@@@@@@@@@@.@@@@@@@@@@.@@@@@@@@@@.@@@@@@@@@@.@@@@@@@@@@.@@@@@@@@@@.@@@@@@@@@@.@@@@@@@@@@.r.....
.r..re.eeeeeeeeee.eeeeeeeeee.eeeeeeeeee.eeeeeeeeee.eeeeeeeeee.eeeeeeeeee.eeeeeeeeee.eeeeeeeeee.r..re.
..r.r..........................................................................................rr..e.
.....e.eeeeeeeeee.eeeeeeeeee.eeeeeeeeee.eeeeeeeeee.eeeeeeeeee.eeeeeeeeee.eeeeeeeeee.eeeeeeeeee.rr.e..
..e..r.@@@@@@@@@@.@@@@@@@@@@.@@@@@@@@@@.@@@@@@@@@@.@@@@@@@@@@.@@@@@@@@@@.@@@@@@@@@@.@@@@@@@@@@.ee..r.
..e.rr.eeeeeeeeee.eeeeeeeeee.eeeeeeeeee.eeeeeeeeee.eeeeeeeeee.eeeeeeeeee.eeeeeeeeee.eeeeeeeeee..e..r.
..r..e..........................................................................................e..e.
.r..re.eeeeeeeeee.eeeeeeeeee.eeeeeeeeee.eeeeeeeeee.eeeeeeeeee.eeeeeeeeee.eeeeeeeeee.eeeeeeeeee.er....
..r.e..@@@@@@@@@@.@@@@@@@@@@.@@@@@@@@@@.@@@@@@@@@@.@@@@@@@@@@.@@@@@@@@@@.@@@@@@@@@@.@@@@@@@@@@.r.....
.er.rr.eeeeeeeeee.eeeeeeeeee.eeeeeeeeee.eeeeeeeeee.eeeeeeeeee.eeeeeeeeee.eeeeeeeeee.eeeeeeeeee..r.er.
.....e.........................................................................................rr.er.
..e.r..eeeeeeeeee.eeeeeeeeee.eeeeeeeeee.eeeeeeeeee.eeeeeeeeee.eeeeeeeeee.eeeeeeeeee.eeeeeeeeee.re.e..
.r...e.@@@@@@@@@@.@@@@@@@@@@.@@@@@@@@@@.@@@@@@@@@@.@@@@@@@@@@.@@@@@@@@@@.@@@@@@@@@@.@@@@@@@@@@.rr.ee.
.e.....eeeeeeeeee.eeeeeeeeee.eeeeeeeeee.eeeeeeeeee.eeeeeeeeee.eeeeeeeeee.eeeeeeeeee.eeeeeeeeee..e.ee.
.er............................................................................................rr.er.
.rr....eeeeeeeeee.eeeeeeeeee.eeeeeeeeee.eeeeeeeeee.eeeeeeeeee.eeeeeeeeee.eeeeeeeeee.eeeeeeeeee....rr.
....er.@@@@@@@@@@.@@@@@@@@@@.@@@@@@@@@@.@@@@@@@@@@.@@@@@@@@@@.@@@@@@@@@@.@@@@@@@@@@.@@@@@@@@@@.e..er.
.e..r..eeeeeeeeee.eeeeeeeeee.eeeeeeeeee.eeeeeeeeee.eeeeeeeeee.eeeeeeeeee.eeeeeeeeee.eeeeeeeeee.......
.e.................................................................................................r.
.re....eeeeeeeeee.eeeeeeeeee.eeeeeeeeee.eeeeeeeeee.eeeeeeeeee.eeeeeeeeee.eeeeeeeeee.eeeeeeeeee.ee.e..
..r....@@@@@@@@@@.@@@@@@@@@@.@@@@@@@@@@.@@@@@@@@@@.@@@@@@@@@@.@@@@@@@@@@.@@@@@@@@@@.@@@@@@@@@@.e..r..
.re....eeeeeeeeee.eeeeeeeeee.eeeeeeeeee.eeeeeeeeee.eeeeeeeeee.eeeeeeeeee.eeeeeeeeee.eeeeeeeeee....r..
.re.rr..........................................................................................r.re.
.rr....eeeeeeeeee.eeeeeeeeee.eeeeeeeeee.eeeeeeeeee.eeeeeeeeee.eeeeeeeeee.eeeeeeeeee.eeeeeeeeee.r..r..
.....r.@@@@@@@@@@.@@@@@@@@@@.@@@@@@@@@@.@@@@@@@@@@.@@@@@@@@@@.@@@@@@@@@@.@@@@@@@@@@.@@@@@@@@@@.r..r..
..e.r..eeeeeeeeee.eeeeeeeeee.eeeeeeeeee.eeeeeeeeee.eeeeeeeeee.eeeeeeeeee.eeeeeeeeee.eeeeeeeeee.re.rr.
.e...r.........................................................................................r..er.
.r..e..eeeeeeeeee.eeeeeeeeee.eeeeeeeeee.eeeeeeeeee.eeeeeeeeee.eeeeeeeeee.eeeeeeeeee.eeeeeeeeee.re.er.
.rr.re.@@@@@@@@@@.@@@@@@@@@@.@@@@@@@@@@.@@@@@@@@@@.@@@@@@@@@@.@@@@@@@@@@.@@@@@@@@@@.@@@@@@@@@@.......
.r..er.eeeeeeeeee.eeeeeeeeee.eeeeeeeeee.eeeeeeeeee.eeeeeeeeee.eeeeeeeeee.eeeeeeeeee.eeeeeeeeee....e..
.re.............................................................................................e.er.
.......eeeeeeeeee.eeeeeeeeee.eeeeeeeeee.eeeeeeeeee.eeeeeeeeee.eeeeeeeeee.eeeeeeeeee.eeeeeeeeee.rr.r..
.er.er.@@@@@@@@@@.@@@@@@@@@@.@@@@@@@@@@.@@@@@@@@@@.@@@@@@@@@@.@@@@@@@@@@.@@@@@@@@@@.@@@@@@@@@@.r..e..
.re....eeeeeeeeee.eeeeeeeeee.eeeeeeeeee.eeeeeeeeee.eeeeeeeeee.eeeeeeeeee.eeeeeeeeee.eeeeeeeeee.er....
....r...........................................................................................e.e..
..r..r.eeeeeeeeee.eeeeeeeeee.eeeeeeeeee.eeeeeeeeee.eeeeeeeeee.eeeeeeeeee.eeeeeeeeee.eeeeeeeeee.....r.
.er..r.@@@@@@@@@@.@@@@@@@@@@.@@@@@@@@@@.@@@@@@@@@@.@@@@@@@@@@.@@@@@@@@@@.@@@@@@@@@@.@@@@@@@@@@..r.e..
.r..rr.eeeeeeeeee.eeeeeeeeee.eeeeeeeeee.eeeeeeeeee.eeeeeeeeee.eeeeeeeeee.eeeeeeeeee.eeeeeeeeee..e..r.
..................................................................................................rr.
..r.r..eeeeeeeeee.eeeeeeeeee.eeeeeeeeee.eeeeeeeeee.eeeeeeeeee.eeeeeeeeee.eeeeeeeeee.eeeeeeeeee.rr.rr.
.e..er.@@@@@@@@@@.@@@@@@@@@@.@@@@@@@@@@.@@@@@@@@@@.@@@@@@@@@@.@@@@@@@@@@.@@@@@@@@@@.@@@@@@@@@@.e.....
.re....eeeeeeeeee.eeeeeeeeee.eeeeeeeeee.eeeeeeeeee.eeeeeeeeee.eeeeeeeeee.eeeeeeeeee.eeeeeeeeee.r..er.
.r.............................................................................................re.r..
.er..r.eeeeeeeeee.eeeeeeeeee.eeeeeeeeee.eeeeeeeeee.eeeeeeeeee.eeeeeeeeee.eeeeeeeeee.eeeeeeeeee..r.rr.
.r.....@@@@@@@@@@.@@@@@@@@@@.@@@@@@@@@@.@@@@@@@@@@.@@@@@@@@@@.@@@@@@@@@@.@@@@@@@@@@.@@@@@@@@@@.ee.re.
..r..r.eeeeeeeeee.eeeeeeeeee.eeeeeeeeee.eeeeeeeeee.eeeeeeeeee.eeeeeeeeee.eeeeeeeeee.eeeeeeeeee....rr.
.re............................................................................................rr..e.
.rr....eeeeeeeeee.eeeeeeeeee.eeeeeeeeee.eeeeeeeeee.eeeeeeeeee.eeeeeeeeee.eeeeeeeeee.eeeeeeeeee..e.e..
.e.....@@@@@@@@@@.@@@@@@@@@@.@@@@@@@@@@.@@@@@@@@@@.@@@@@@@@@@.@@@@@@@@@@.@@@@@@@@@@.@@@@@@@@@@.re....
..r.r..eeeeeeeeee.eeeeeeeeee.eeeeeeeeee.eeeeeeeeee.eeeeeeeeee.eeeeeeeeee.eeeeeeeeee.eeeeeeeeee..r..r.
....r...........................................................................................r.r..
.......eeeeeeeeee.eeeeeeeeee.eeeeeeeeee.eeeeeeeeee.eeeeeeeeee.eeeeeeeeee.eeeeeeeeee.eeeeeeeeee.e.....
.r..e..@@@@@@@@@@.@@@@@@@@@@.@@@@@@@@@@.@@@@@@@@@@.@@@@@@@@@@.@@@@@@@@@@.@@@@@@@@@@.@@@@@@@@@@.er..e.
.......eeeeeeeeee.eeeeeeeeee.eeeeeeeeee.eeeeeeeeee.eeeeeeeeee.eeeeeeeeee.eeeeeeeeee.eeeeeeeeee.rr..r.
..e.re.........................................................................................ee..r.
..r.er.eeeeeeeeee.eeeeeeeeee.eeeeeeeeee.eeeeeeeeee.eeeeeeeeee.eeeeeeeeee.eeeeeeeeee.eeeeeeeeee.r.....
....r..@@@@@@@@@@.@@@@@@@@@@.@@@@@@@@@@.@@@@@@@@@@.@@@@@@@@@@.@@@@@@@@@@.@@@@@@@@@@.@@@@@@@@@@..e.er.
....r..eeeeeeeeee.eeeeeeeeee.eeeeeeeeee.eeeeeeeeee.eeeeeeeeee.eeeeeeeeee.eeeeeeeeee.eeeeeeeeee....r..
....er..........................................................................................r....
..e.e..eeeeeeeeee.eeeeeeeeee.eeeeeeeeee.eeeeeeeeee.eeeeeeeeee.eeeeeeeeee.eeeeeeeeee.eeeeeeeeee.....r.
....r..@@@@@@@@@@.@@@@@@@@@@.@@@@@@@@@@.@@@@@@@@@@.@@@@@@@@@@.@@@@@@@@@@.@@@@@@@@@@.@@@@@@@@@@.r...e.
.ee.re.eeeeeeeeee.eeeeeeeeee.eeeeeeeeee.eeeeeeeeee.eeeeeeeeee.eeeeeeeeee.eeeeeeeeee.eeeeeeeeee....rr.
.r..r..........................................................................................e..re.
.rr.ee.eeeeeeeeee.eeeeeeeeee.eeeeeeeeee.eeeeeeeeee.eeeeeeeeee.eeeeeeeeee.eeeeeeeeee.eeeeeeeeee.e...r.
..r..r.@@@@@@@@@@.@@@@@@@@@@.@@@@@@@@@@.@@@@@@@@@@.@@@@@@@@@@.@@@@@@@@@@.@@@@@@@@@@.@@@@@@@@@@.rr.e..
.er.e..eeeeeeeeee.eeeeeeeeee.eeeeeeeeee.eeeeeeeeee.eeeeeeeeee.eeeeeeeeee.eeeeeeeeee.eeeeeeeeee.r...e.
.r.................................................................................................r.
..e.ee.eeeeeeeeee.eeeeeeeeee.eeeeeeeeee.eeeeeeeeee.eeeeeeeeee.eeeeeeeeee.eeeeeeeeee.eeeeeeeeee.....e.
.ee.e..@@@@@@@@@@.@@@@@@@@@@.@@@@@@@@@@.@@@@@@@@@@.@@@@@@@@@@.@@@@@@@@@@.@@@@@@@@@@.@@@@@@@@@@.er.r..
.rr..r.eeeeeeeeee.eeeeeeeeee.eeeeeeeeee.eeeeeeeeee.eeeeeeeeee.eeeeeeeeee.eeeeeeeeee.eeeeeeeeee.....r.
....r................................................................................................
.......eeeeeeeeee.eeeeeeeeee.eeeeeeeeee.eeeeeeeeee.eeeeeeeeee.eeeeeeeeee.eeeeeeeeee.eeeeeeeeee....r..
....rr.@@@@@@@@@@.@@@@@@@@@@.@@@@@@@@@@.@@@@@@@@@@.@@@@@@@@@@.@@@@@@@@@@.@@@@@@@@@@.@@@@@@@@@@.re.e..
..r.e..eeeeeeeeee.eeeeeeeeee.eeeeeeeeee.eeeeeeeeee.eeeeeeeeee.eeeeeeeeee.eeeeeeeeee.eeeeeeeeee.r.....
.....................................................................................................
